// Jest Snapshot v1, https://goo.gl/fbAQLP

exports[`should return a gatsby configuration 1`] = `
"import type { GatsbyConfig } from 'gatsby'

const config: GatsbyConfig = {
  siteMetadata: {
    title: 'My Gatsby Site',
    siteUrl: 'https://www.yourdomain.tld'
  },
  graphqlTypegen: true,
  plugins: [
    'gatsby-plugin-postcss',
    'gatsby-plugin-image',
    'gatsby-plugin-sitemap',
    {
      resolve: 'gatsby-plugin-manifest',
      options: {
        icon: 'src/images/icon.png'
      }
    },
    'gatsby-plugin-mdx',
    'gatsby-plugin-sharp',
    'gatsby-transformer-sharp',
    {
      resolve: 'gatsby-source-filesystem',
      options: {
        name: 'images',
        path: './src/images/'
      },
      __key: 'images'
    },
    {
      resolve: 'gatsby-source-filesystem',
      options: {
        name: 'pages',
        path: './src/pages/'
      },
      __key: 'pages'
    }
  ]
}

export default config"
`;
