// Jest Snapshot v1, https://goo.gl/fbAQLP

exports[`should return a configuration for npm 1`] = `
"
  shamefully-hoist=true
  strict-peer-dependencies=false
  "
`;
