// Jest Snapshot v1, https://goo.gl/fbAQLP

exports[`should return a configuration for Nuxt.js 1`] = `
"export default defineNuxtConfig({
  css: [
    '~/assets/css/main.css'
  ],
  devtools: {
    enabled: true
  },
  postcss: {
    plugins: {
      autoprefixer: {},
      'postcss-nested': {},
      'postcss-responsive-type': {},
      'postcss-hexrgba': {},
      tailwindcss: {}
    }
  },
  typescript: {
    typeCheck: true
  }
})"
`;
