// Jest Snapshot v1, https://goo.gl/fbAQLP

exports[`should return a babel configuration 1`] = `
"{
  env: {
    test: {
      plugins: [
        '@babel/plugin-transform-modules-commonjs',
        '@babel/plugin-transform-runtime'
      ]
    }
  },
  presets: [
    '@babel/preset-env'
  ]
}"
`;
