// Jest Snapshot v1, https://goo.gl/fbAQLP

exports[`should return a configuration for Pug 1`] = `
"{
  "disallowAttributeTemplateString": true
}"
`;
