// Jest Snapshot v1, https://goo.gl/fbAQLP

exports[`should return a configuration for Volar 1`] = `
"module.exports = {
  services: [
    require('volar-service-vetur').create()
  ]
}"
`;
