// Jest Snapshot v1, https://goo.gl/fbAQLP

exports[`should return a home.pug file 1`] = `
"
  doctype html
  html(lang='en')
    head
      meta(charset='UTF-8')
      meta(http-equiv='X-UA-Compatible', content='IE=edge')
      meta(name='viewport', content='width=device-width, initial-scale=1.0')
      title Noom
    body
      h1 It works!
  "
`;
